<?xml version="1.0" encoding="UTF-8"?>
<testsuite name="com.zx.demo.obj.ObjectLock" tests="1" skipped="0" failures="0" errors="0" timestamp="2022-07-15T09:00:45" hostname="DESKTOP-SB05EAK" time="8.25">
  <properties/>
  <testcase name="testPrint" classname="com.zx.demo.obj.ObjectLock" time="8.25"/>
  <system-out><![CDATA[# Running 64-bit HotSpot VM.
# Using compressed oop with 0-bit shift.
# Using compressed klass with 3-bit shift.
# Objects are 8 bytes aligned.
# Field sizes by type: 4, 1, 1, 2, 2, 4, 4, 8, 8 [bytes]
# Array element sizes: 4, 1, 1, 2, 2, 4, 4, 8, 8 [bytes]

com.zx.demo.obj.ObjectLock object internals:
 OFFSET  SIZE                TYPE DESCRIPTION                               VALUE
      0     4                     (object header)                           05 00 00 00 (00000101 00000000 00000000 00000000) (5)
      4     4                     (object header)                           00 00 00 00 (00000000 00000000 00000000 00000000) (0)
      8     4                     (object header)                           a5 a2 02 20 (10100101 10100010 00000010 00100000) (537043621)
     12     4    java.lang.String TestCase.fName                            null
     16     4   java.lang.Integer ObjectLock.amount                         0
     20     4               int[] ObjectLock.arr                            [0, 0, 0, 0, 0, 0, 0, 0, 0, 0]
Instance size: 24 bytes
Space losses: 0 bytes internal + 0 bytes external = 0 bytes total

260840925
com.zx.demo.obj.ObjectLock object internals:
 OFFSET  SIZE                TYPE DESCRIPTION                               VALUE
      0     4                     (object header)                           01 dd 1d 8c (00000001 11011101 00011101 10001100) (-1944199935)
      4     4                     (object header)                           0f 00 00 00 (00001111 00000000 00000000 00000000) (15)
      8     4                     (object header)                           a5 a2 02 20 (10100101 10100010 00000010 00100000) (537043621)
     12     4    java.lang.String TestCase.fName                            null
     16     4   java.lang.Integer ObjectLock.amount                         0
     20     4               int[] ObjectLock.arr                            [0, 0, 0, 0, 0, 0, 0, 0, 0, 0]
Instance size: 24 bytes
Space losses: 0 bytes internal + 0 bytes external = 0 bytes total

LITTLE_ENDIAN
]]></system-out>
  <system-err><![CDATA[]]></system-err>
</testsuite>
